 null_v1 
---------
        
(1 row)

 null_v2 
---------
        
(1 row)

 null_v3 
---------
        
(1 row)

 null_v4 
---------
        
(1 row)

 null_v5 
---------
        
(1 row)

 null_v6 
---------
        
(1 row)

 null_v7 
---------
        
(1 row)

 null_v8 
---------
        
(1 row)

 null_v9 
---------
        
(1 row)

 null_v10 
----------
         
(1 row)

 null_v11 
----------
         
(1 row)

 null_v12 
----------
         
(1 row)

 null_v13 
----------
         
(1 row)

 null_v14 
----------
         
(1 row)

 null_v15 
----------
         
(1 row)

 null_v16 
----------
         
(1 row)

 null_v17 
----------
         
(1 row)

 null_v18 
----------
         
(1 row)

 null_v19 
----------
         
(1 row)

 null_v20 
----------
         
(1 row)

 ok_v21 
--------
     12
(1 row)

 ok_v22 
--------
     14
(1 row)

 ok_v23 
--------
     16
(1 row)

 ok_v24 
--------
     18
(1 row)

 ok_v25 
--------
     20
(1 row)

 ok_v26 
--------
     22
(1 row)

 ok_v27 
--------
     24
(1 row)

 ok_v28 
--------
     26
(1 row)

             ok_v29              
---------------------------------
 2800000000000000000000000000000
(1 row)

