Uncompressed tile from tests/http/osm_10_598_297.mvt size=145,569 bytes, gzipped=68,145 bytes, 11 layers
Layer                  Extent    Ver    Features                        GeoType    GeoSize  AVG GeoSize    Fields (percentage only if not all features have it)                                          name:* fields (percentage of features with that language)
-------------------  --------  -----  ----------  -----------------------------  ---------  -------------  --------------------------------------------------------------------------------------------  -------------------------------------------------------------------------------------------------------------------------------------------------------------------------------------------------------------------------------------------------------------------------------------------------------------------------------------------------------------
water                    4096      2          63                        POLYGON      2,877  45.7           class, intermittent(98%)
waterway                 4096      2          23                     LINESTRING        792  34.4           name, name_en, name_de, class                                                                 en(70%), ru(57%), fr(43%), cy(22%), fi(22%), ga(22%), de(17%), ka(9%), uk(9%), nl(9%), be(4%), da(4%), et(4%), lt(4%), pl(4%), sr(4%), sv(4%), zh(4%), ro(4%)
landcover                4096      2         176                        POLYGON      6,692  38.0           class, subclass
landuse                  4096      2         419                        POLYGON      6,768  16.2           class
park                     4096      2          10       POLYGON(50%), POINT(50%)        742  74.2           class, name, name_en, name_de, name_int, rank(50%)                                            latin(100%), nonlatin(100%), en(60%), ru(40%), ar(20%), es(20%), fr(20%), zh(20%)
boundary                 4096      2         261                     LINESTRING      1,886  7.2            admin_level, disputed, maritime
aeroway                  4096      2           2  LINESTRING(50%), POLYGON(50%)         43  21.5           ref, class
transportation           4096      2       4,505                     LINESTRING     27,688  6.1            class, foot(73%), ramp(17%), subclass(12%), oneway(12%), layer(8%), brunnel(3%), bicycle(0%)
transportation_name      4096      2           8                     LINESTRING        226  28.2           name, name_en, name_de, name_int, class, ref(75%), ref_length(75%), network(75%)              latin(100%), nonlatin(100%), de(50%), en(50%), fi(50%), ru(25%)
place                    4096      2          33                          POINT         99  3.0            name, name_en, name_de, name_int, class, rank                                                 ru(100%), latin(100%), nonlatin(100%), en(94%), de(67%), fi(61%), nl(42%), hy(39%), fr(36%), et(30%), uk(30%), it(24%), ja(21%), zh(21%), ka(18%), lt(15%), pl(15%), cs(12%), es(12%), be(9%), eo(9%), ro(9%), hu(6%), pt(6%), ar(6%), sk(6%), he(3%), tr(3%), ca(3%), da(3%), el(3%), fy(3%), hr(3%), kn(3%), lb(3%), lv(3%), oc(3%), sl(3%), sr(3%), sv(3%)
aerodrome_label          4096      2           2                          POINT          6  3.0            name, name_en, name_de, name_int, class, iata(50%), ele(50%), ele_ft(50%)                     en(100%), latin(100%), nonlatin(100%), es(50%), he(50%), it(50%), ja(50%), nl(50%), ro(50%), ru(50%), tr(50%)
