Uncompressed tile from tests/http/osm_13_4388_2568.mvt size=2,222 bytes, gzipped=1,248 bytes, 3 layers

======= Layer water: 1 features, extent=4096, version=2 =======
  *ID*    GeoSize  GeoType    class
------  ---------  ---------  -------
     0        304  POLYGON    ocean

======= Layer transportation: 11 features, extent=4096, version=2 =======
  *ID*    GeoSize  GeoType     class       oneway    ramp  brunnel      layer  subclass    surface
------  ---------  ----------  --------  --------  ------  ---------  -------  ----------  ---------
     0         69  POLYGON     bridge           0       0  bridge           2
     0          8  LINESTRING  rail             0       0  bridge           1  rail
     0         12  LINESTRING  rail             0       0  bridge           1  rail
     0         32  LINESTRING  rail             0       0  bridge           1  rail
     0         22  LINESTRING  rail             0       0  bridge           1  rail
     0          6  LINESTRING  rail             0       0  bridge           1  rail
     0          8  LINESTRING  rail             0       0  bridge           1  rail
     0         32  LINESTRING  motorway         1       0  bridge           2              paved
     0          8  LINESTRING  motorway         1       0  bridge           2              paved
     0         32  LINESTRING  motorway         1       0  bridge           2              paved
     0          8  LINESTRING  motorway         1       0  bridge           2              paved

======= Layer transportation_name: 2 features, extent=4096, version=2, hiding 1 name:* languages: da =======
  *ID*    GeoSize  GeoType     name_en    name_de    ref      ref_length  network    class
------  ---------  ----------  ---------  ---------  -----  ------------  ---------  --------
     0         36  LINESTRING                        E 20              4  road       motorway
     0         36  LINESTRING                        E 20              4  road       motorway
