 v1_null 
---------
 
(1 row)

 v2_null 
---------
 
(1 row)

 v3_null 
---------
 
(1 row)

      v4      
--------------
 "foo"=>"bar"
(1 row)

      v5      
--------------
 "foo"=>"bar"
(1 row)

            v6            
--------------------------
 "xx"=>"zz", "foo"=>"bar"
(1 row)

      v7      
--------------
 "foo"=>"bar"
(1 row)

       v8        
-----------------
 ""=>"empty_key"
(1 row)

      v9      
--------------
 "foo"=>"bar"
(1 row)

 v10_null 
----------
 
(1 row)

