                  v1                   
---------------------------------------
 POINT(305.7481130976 -305.7481130976)
(1 row)

