 t_v1 
------
 t
(1 row)

 f_v2 
------
 f
(1 row)

 t_v3 
------
 t
(1 row)

