----------------------- mbtiles-tools meta-all --show-json --show-ranges
There are no values present in /tmp/data.mbtiles metadata table

  Zoom    Tile count  Found tile ranges
------  ------------  -------------------
     0             1  0,0 x 0,0
     1             4  0,0 x 1,1
----------------------- mbtiles-tools meta-set abc xyz
abc xyz
----------------------- mbtiles-tools meta-get abc
xyz
----------------------- meta-generate meta-generate
Connecting to PostgreSQL at postgres:5432, db=openmaptiles, user=openmaptiles...
Ignoring fields with unknown SQL types (OIDs): [class (705)]
New metadata values in /tmp/data.mbtiles
abc         xyz
attribution <a href="http://www.openstreetmap.org/about/" target="_blank">&copy; OpenStreetMap contributors</a>
bounds      -180.0,-85.0511,180.0,85.0511
center      -12.2168,28.6135,4
description Simple tileset for testing.
filesize    8,192
format      pbf
id          testmaptiles
maxzoom     10
minzoom     0
name        TestMapTiles v1.0
version     1.1.1
json        (The value is a valid JSON, use --show-json for raw dump)

layer          minZ    maxZ  fields                                                 description
-----------  ------  ------  -----------------------------------------------------  -----------------------------------------
housenumber       0      10  housenumber, name_int, name:* (en,de,cs,latin,nonla…)  Everything in OpenStreetMap which contai…
enumfield         0      10  osm_id                                                 Test for converting enumfields
abc         xyz
attribution <a href="http://www.openstreetmap.org/about/" target="_blank">&copy; OpenStreetMap contributors</a>
bounds      -180.0,-85.0511,180.0,85.0511
center      -12.2168,28.6135,4
description Simple tileset for testing.
filesize    8,192
format      pbf
id          testmaptiles
maxzoom     10
minzoom     0
name        TestMapTiles v1.0
version     1.1.1
json        (valid JSON value)

layer          minZ    maxZ  fields                                                 description
-----------  ------  ------  -----------------------------------------------------  -----------------------------------------
housenumber       0      10  housenumber, name_int, name:* (en,de,cs,latin,nonla…)  Everything in OpenStreetMap which contai…
enumfield         0      10  osm_id                                                 Test for converting enumfields

{
  "vector_layers": [
    {
      "id": "housenumber",
      "description": "Everything in OpenStreetMap which contains a `addr:housenumber` tag useful for labelling housenumbers on a map.\nThis adds significant size to *z14*. For buildings the centroid of the building is used as housenumber.",
      "minzoom": 0,
      "maxzoom": 10,
      "fields": {
        "housenumber": "Number",
        "name:en": "String",
        "name:de": "String",
        "name:cs": "String",
        "name_int": "String",
        "name:latin": "String",
        "name:nonlatin": "String"
      }
    },
    {
      "id": "enumfield",
      "description": "Test for converting enumfields",
      "minzoom": 0,
      "maxzoom": 10,
      "fields": {
        "osm_id": "Number"
      }
    }
  ]
}

  Zoom    Tile count  Found tile ranges
------  ------------  -------------------
     0             1  0,0 x 0,0
     1             4  0,0 x 1,1
----------------------- mbtiles-tools meta-set abc (delete)
attribution <a href="http://www.openstreetmap.org/about/" target="_blank">&copy; OpenStreetMap contributors</a>
bounds      -180.0,-85.0511,180.0,85.0511
center      -12.2168,28.6135,4
description Simple tileset for testing.
filesize    8,192
format      pbf
id          testmaptiles
maxzoom     10
minzoom     0
name        TestMapTiles v1.0
version     1.1.1
json        (The value is a valid JSON, use --show-json for raw dump)

layer          minZ    maxZ  fields                                                 description
-----------  ------  ------  -----------------------------------------------------  -----------------------------------------
housenumber       0      10  housenumber, name_int, name:* (en,de,cs,latin,nonla…)  Everything in OpenStreetMap which contai…
enumfield         0      10  osm_id                                                 Test for converting enumfields
----------------------- meta-generate meta-generate --reset with overrides
Connecting to PostgreSQL at postgres:5432, db=openmaptiles, user=openmaptiles...
Ignoring fields with unknown SQL types (OIDs): [class (705)]
New metadata values in /tmp/data.mbtiles
attribution set attr
bounds      12.2403,35.8223,23.3262,45.8046
center      17.8,40.8,6
description set desc
filesize    8,192
format      pbf
id          testmaptiles
maxzoom     1
minzoom     0
name        set name
version     set ver
json        (The value is a valid JSON, use --show-json for raw dump)

layer          minZ    maxZ  fields                                                 description
-----------  ------  ------  -----------------------------------------------------  -----------------------------------------
housenumber       0      10  housenumber, name_int, name:* (en,de,cs,latin,nonla…)  Everything in OpenStreetMap which contai…
enumfield         0      10  osm_id                                                 Test for converting enumfields

  Zoom    Tile count  Found tile ranges
------  ------------  -------------------
     0             1  0,0 x 0,0
     1             4  0,0 x 1,1
attribution set attr
bounds      12.2403,35.8223,23.3262,45.8046
center      17.8,40.8,6
description set desc
filesize    8,192
format      pbf
id          testmaptiles
maxzoom     1
minzoom     0
name        set name
version     set ver
json        (valid JSON value)

layer          minZ    maxZ  fields                                                 description
-----------  ------  ------  -----------------------------------------------------  -----------------------------------------
housenumber       0      10  housenumber, name_int, name:* (en,de,cs,latin,nonla…)  Everything in OpenStreetMap which contai…
enumfield         0      10  osm_id                                                 Test for converting enumfields

{
  "vector_layers": [
    {
      "id": "housenumber",
      "description": "Everything in OpenStreetMap which contains a `addr:housenumber` tag useful for labelling housenumbers on a map.\nThis adds significant size to *z14*. For buildings the centroid of the building is used as housenumber.",
      "minzoom": 0,
      "maxzoom": 10,
      "fields": {
        "housenumber": "Number",
        "name:en": "String",
        "name:de": "String",
        "name:cs": "String",
        "name_int": "String",
        "name:latin": "String",
        "name:nonlatin": "String"
      }
    },
    {
      "id": "enumfield",
      "description": "Test for converting enumfields",
      "minzoom": 0,
      "maxzoom": 10,
      "fields": {
        "osm_id": "Number"
      }
    }
  ]
}

  Zoom    Tile count  Found tile ranges
------  ------------  -------------------
     0             1  0,0 x 0,0
     1             4  0,0 x 1,1
----------------------- mbtiles-tools meta-copy
New metadata values in /tmp/data2.mbtiles
attribution set attr
bounds      12.2403,35.8223,23.3262,45.8046
center      17.8,40.8,6
description set desc
filesize    8,192
format      pbf
id          testmaptiles
maxzoom     1
minzoom     0
name        set name
version     set ver
json        (The value is a valid JSON, use --show-json for raw dump)

layer          minZ    maxZ  fields                                                 description
-----------  ------  ------  -----------------------------------------------------  -----------------------------------------
housenumber       0      10  housenumber, name_int, name:* (en,de,cs,latin,nonla…)  Everything in OpenStreetMap which contai…
enumfield         0      10  osm_id                                                 Test for converting enumfields
----------------------- mbtiles-tools meta-copy with overrides
New metadata values in /tmp/data2.mbtiles
attribution attr override
bounds      15.0,40.0,27.0,48.0
center      21.0,44.0,8
description desc override
filesize    8,192
format      pbf
id          testmaptiles
maxzoom     4
minzoom     3
name        name override
version     ver override
json        (The value is a valid JSON, use --show-json for raw dump)

layer          minZ    maxZ  fields                                                 description
-----------  ------  ------  -----------------------------------------------------  -----------------------------------------
housenumber       0      10  housenumber, name_int, name:* (en,de,cs,latin,nonla…)  Everything in OpenStreetMap which contai…
enumfield         0      10  osm_id                                                 Test for converting enumfields
attribution set attr
bounds      12.2403,35.8223,23.3262,45.8046
center      17.8,40.8,6
description set desc
filesize    8,192
format      pbf
id          testmaptiles
maxzoom     1
minzoom     0
name        set name
version     set ver
json        (The value is a valid JSON, use --show-json for raw dump)

layer          minZ    maxZ  fields                                                 description
-----------  ------  ------  -----------------------------------------------------  -----------------------------------------
housenumber       0      10  housenumber, name_int, name:* (en,de,cs,latin,nonla…)  Everything in OpenStreetMap which contai…
enumfield         0      10  osm_id                                                 Test for converting enumfields
----------------------- mbtiles-tools meta-copy with auto-minmax
New metadata values in /tmp/data2.mbtiles
attribution set attr
bounds      12.2403,35.8223,23.3262,45.8046
center      17.8,40.8,6
description set desc
filesize    8,192
format      pbf
id          testmaptiles
maxzoom     0
minzoom     0
name        set name
version     set ver
json        (The value is a valid JSON, use --show-json for raw dump)

layer          minZ    maxZ  fields                                                 description
-----------  ------  ------  -----------------------------------------------------  -----------------------------------------
housenumber       0      10  housenumber, name_int, name:* (en,de,cs,latin,nonla…)  Everything in OpenStreetMap which contai…
enumfield         0      10  osm_id                                                 Test for converting enumfields

  Zoom    Tile count  Found tile ranges
------  ------------  -------------------
     0             1  0,0 x 0,0
0
0
----------------------- mbtiles-tools tile 1/1/0
Tile 1/1/0 size=2,222 bytes, gzipped=1,269 bytes, 3 layers

======= Layer water: 1 features, extent=4096, version=2 =======
  *ID*    GeoSize  GeoType    class
------  ---------  ---------  -------
     0        304  POLYGON    ocean

======= Layer transportation: 11 features, extent=4096, version=2 =======
  *ID*    GeoSize  GeoType     class       oneway    ramp  brunnel      layer  subclass    surface
------  ---------  ----------  --------  --------  ------  ---------  -------  ----------  ---------
     0         69  POLYGON     bridge           0       0  bridge           2
     0          8  LINESTRING  rail             0       0  bridge           1  rail
     0         12  LINESTRING  rail             0       0  bridge           1  rail
     0         32  LINESTRING  rail             0       0  bridge           1  rail
     0         22  LINESTRING  rail             0       0  bridge           1  rail
     0          6  LINESTRING  rail             0       0  bridge           1  rail
     0          8  LINESTRING  rail             0       0  bridge           1  rail
     0         32  LINESTRING  motorway         1       0  bridge           2              paved
     0          8  LINESTRING  motorway         1       0  bridge           2              paved
     0         32  LINESTRING  motorway         1       0  bridge           2              paved
     0          8  LINESTRING  motorway         1       0  bridge           2              paved

======= Layer transportation_name: 2 features, extent=4096, version=2, hiding 1 name:* languages: da =======
  *ID*    GeoSize  GeoType     name_en    name_de    ref      ref_length  network    class
------  ---------  ----------  ---------  ---------  -----  ------------  ---------  --------
     0         36  LINESTRING                        E 20              4  road       motorway
     0         36  LINESTRING                        E 20              4  road       motorway
----------------------- mbtiles-tools tile 1/1/0 --summary
Tile 1/1/0 size=2,222 bytes, gzipped=1,269 bytes, 3 layers
Layer                  Extent    Ver    Features                       GeoType    GeoSize  AVG GeoSize    Fields (percentage only if not all features have it)              name:* fields
-------------------  --------  -----  ----------  ----------------------------  ---------  -------------  ----------------------------------------------------------------  ---------------
water                    4096      2           1                       POLYGON        304  304.0          class
transportation           4096      2          11  LINESTRING(91%), POLYGON(9%)        237  21.5           class, oneway, ramp, brunnel, layer, subclass(55%), surface(36%)
transportation_name      4096      2           2                    LINESTRING         72  36.0           name_en, name_de, ref, ref_length, network, class                 1 languages
----------------------- mbtiles-tools tile 1/1/0 --show-names
Tile 1/1/0 size=2,222 bytes, gzipped=1,269 bytes, 3 layers

======= Layer water: 1 features, extent=4096, version=2 =======
  *ID*    GeoSize  GeoType    class
------  ---------  ---------  -------
     0        304  POLYGON    ocean

======= Layer transportation: 11 features, extent=4096, version=2 =======
  *ID*    GeoSize  GeoType     class       oneway    ramp  brunnel      layer  subclass    surface
------  ---------  ----------  --------  --------  ------  ---------  -------  ----------  ---------
     0         69  POLYGON     bridge           0       0  bridge           2
     0          8  LINESTRING  rail             0       0  bridge           1  rail
     0         12  LINESTRING  rail             0       0  bridge           1  rail
     0         32  LINESTRING  rail             0       0  bridge           1  rail
     0         22  LINESTRING  rail             0       0  bridge           1  rail
     0          6  LINESTRING  rail             0       0  bridge           1  rail
     0          8  LINESTRING  rail             0       0  bridge           1  rail
     0         32  LINESTRING  motorway         1       0  bridge           2              paved
     0          8  LINESTRING  motorway         1       0  bridge           2              paved
     0         32  LINESTRING  motorway         1       0  bridge           2              paved
     0          8  LINESTRING  motorway         1       0  bridge           2              paved

======= Layer transportation_name: 2 features, extent=4096, version=2 =======
  *ID*    GeoSize  GeoType     name_en    name_de    name:da             ref      ref_length  network    class
------  ---------  ----------  ---------  ---------  ------------------  -----  ------------  ---------  --------
     0         36  LINESTRING                        Øresundsmotorvejen  E 20              4  road       motorway
     0         36  LINESTRING                        Øresundsmotorvejen  E 20              4  road       motorway
----------------------- mbtiles-tools tile 1/1/0 --show-names --summary
Tile 1/1/0 size=2,222 bytes, gzipped=1,269 bytes, 3 layers
Layer                  Extent    Ver    Features                       GeoType    GeoSize  AVG GeoSize    Fields (percentage only if not all features have it)              name:* fields (percentage of features with that language)
-------------------  --------  -----  ----------  ----------------------------  ---------  -------------  ----------------------------------------------------------------  -----------------------------------------------------------
water                    4096      2           1                       POLYGON        304  304.0          class
transportation           4096      2          11  LINESTRING(91%), POLYGON(9%)        237  21.5           class, oneway, ramp, brunnel, layer, subclass(55%), surface(36%)
transportation_name      4096      2           2                    LINESTRING         72  36.0           name_en, name_de, ref, ref_length, network, class                 da(100%)
----------------------- mbtiles-tools find-dups
0added1faded2cafe3facade45678901
----------------------- mbtiles-tools impute
2/2/2
2/2/3
2/3/2
2/3/3
attribution set attr
bounds      12.2403,35.8223,23.3262,45.8046
center      17.8,40.8,6
description set desc
filesize    8,192
format      pbf
id          testmaptiles
maxzoom     1
minzoom     0
name        set name
version     set ver
json        (The value is a valid JSON, use --show-json for raw dump)

layer          minZ    maxZ  fields                                                 description
-----------  ------  ------  -----------------------------------------------------  -----------------------------------------
housenumber       0      10  housenumber, name_int, name:* (en,de,cs,latin,nonla…)  Everything in OpenStreetMap which contai…
enumfield         0      10  osm_id                                                 Test for converting enumfields

  Zoom    Tile count  Found tile ranges
------  ------------  -------------------
     0             1  0,0 x 0,0
     1             4  0,0 x 1,1
     2            12  0,0 x 3,3
