version: '2.1'
services:
  openmaptiles-tools: &id001
    environment:
      BBOX: 7.3830115,43.5163330,7.5003330,43.7543525
      OSM_MAX_TIMESTAMP: '2015-04-27T19:32:23Z'
      OSM_AREA_NAME: europe/monaco-test
      MIN_ZOOM: 5
      MAX_ZOOM: 6
  generate-vectortiles: *id001
