 fail_null 
-----------
        -1
(1 row)

 fail_dot 
----------
       -1
(1 row)

 fail_prefixed_letter 
----------------------
                   -1
(1 row)

 fail_postfixed_letter 
-----------------------
                    -1
(1 row)

 fail_text 
-----------
        -1
(1 row)

 ok_big_positive 
-----------------
      9999999999
(1 row)

 ok_big_negative 
-----------------
     -9999999999
(1 row)

 ok_integer 
------------
        123
(1 row)

 ok_float 
----------
  123.456
(1 row)

 ok_float_trim 
---------------
       123.456
(1 row)

 ok_e_notation 
---------------
       45678.9
(1 row)

