                         v1                         
----------------------------------------------------
 010100002031BF0D0000000000000000000000000000000000
(1 row)

 null_v2 
---------
 
(1 row)

                         v3                         
----------------------------------------------------
 010100002031BF0D0000000000000014400000000000001440
(1 row)

                         v4                         
----------------------------------------------------
 010100002031BF0D0000000000000014400000000000000440
(1 row)

                         v5                         
----------------------------------------------------
 010100002031BF0D0000000000000014400000000000001440
(1 row)

                         v6                         
----------------------------------------------------
 010100002031BF0D0000000000000014400000000000001440
(1 row)

       v7        
-----------------
 POINT(92.5 110)
(1 row)

