 null_v1 
---------
        
(1 row)

 v2 
----
  0
(1 row)

 v3 
----
 19
(1 row)

 null_v4 
---------
        
(1 row)

 null_v5 
---------
        
(1 row)

