     v1      
-------------
 156543.0339
(1 row)

   v2   
--------
 0.2986
(1 row)

     v3      
-------------
 110692.6408
(1 row)

 null_v4 
---------
        
(1 row)

